// Jest Snapshot v1, https://goo.gl/fbAQLP

exports[`<LoadingIndicator> renders the LoadingIndicator content 1`] = `
<div
  className="loading"
>
  Loading...
</div>
`;
