// Jest Snapshot v1, https://goo.gl/fbAQLP

exports[`<Status> renders the Status content 1`] = `
<Route
  render={[Function]}
/>
`;
